invalid service:getplanbystatusinvalid service:getplanbystatus at 07.16.16
invalid service:getplanbystatus at 2016-07-16 16:16:22
invalid service:getplanbystatus at 2016-07-16 16:18:19
invalid service:getplanbystatus at 2016-07-16 16:21:55
invalid service:getplanbystatus at 2016-07-16 16:23:56
invalid service:getplanbystatus at 2016-07-17 07:55:52
invalid service:getplanbystatus at 2016-07-17 07:56:10
invalid service:plancount at 2017-07-07 10:48:30
invalid service:plancount at 2017-07-07 12:15:00
invalid service:plancount at 2017-07-07 12:23:17
invalid service:plancount at 2017-07-08 06:59:45
invalid service:plancount at 2017-07-08 07:00:06
invalid service:plancount at 2017-07-08 07:39:43
invalid service:plancount at 2017-07-08 07:40:24
invalid service:plancount at 2017-07-08 07:40:30
invalid service:plancount at 2017-07-08 07:41:45
invalid service:plancount at 2017-07-08 07:42:28
invalid service:plancount at 2017-07-08 07:42:56
invalid service:plancount at 2017-07-08 07:43:43
invalid service:plancount at 2017-07-08 07:43:45
invalid service:plancount at 2017-07-08 07:43:50
invalid service:plancount at 2017-07-08 07:45:35
invalid service:plancount at 2017-07-08 07:51:19
invalid service:plancount at 2017-07-08 07:51:51
invalid service:plancount at 2017-07-08 07:56:34
invalid service:plancount at 2017-07-08 07:56:38
invalid service:plancount at 2017-07-08 07:57:19
invalid service:plancount at 2017-07-08 07:57:20
invalid service:plancount at 2017-07-08 07:59:23
invalid service:plancount at 2017-07-08 08:01:13
invalid service:plancount at 2017-07-08 08:27:34
invalid service:plancount at 2017-07-08 08:29:32
invalid service:plancount at 2017-07-08 08:30:51
invalid service:plancount at 2017-07-08 08:44:49
invalid service:plancount at 2017-07-08 08:45:03
invalid service:plancount at 2017-07-08 09:06:46
invalid service:plancount at 2017-07-08 09:06:59
invalid service:plancount at 2017-07-08 09:07:52
invalid service:plancount at 2017-07-08 09:09:29
invalid service:plancount at 2017-07-08 09:09:45
invalid service:plancount at 2017-07-08 09:10:32
invalid service:plancount at 2017-07-08 09:11:33
invalid service:plancount at 2017-07-08 09:13:06
invalid service:plancount at 2017-07-08 09:13:19
invalid service:plancount at 2017-07-08 14:18:39
invalid service:plancount at 2017-07-08 16:22:19
invalid service:plancount at 2017-07-08 16:32:32
invalid service:plancount at 2017-07-08 16:50:37
invalid service:plancount at 2017-07-08 16:50:42
invalid service:plancount at 2017-07-08 16:51:00
invalid service:plancount at 2017-07-08 16:55:06
invalid service:plancount at 2017-07-08 16:55:13
invalid service:plancount at 2017-07-08 16:55:15
invalid service:plancount at 2017-07-08 16:56:37
invalid service:plancount at 2017-07-08 16:56:47
invalid service:plancount at 2017-07-08 16:56:52
invalid service:plancount at 2017-07-08 16:58:20
invalid service:plancount at 2017-07-08 16:58:36
invalid service:plancount at 2017-07-08 16:58:57
invalid service:plancount at 2017-07-08 17:47:02
invalid service:plancount at 2017-07-08 17:47:04
invalid service:plancount at 2017-07-08 17:47:05
invalid service:plancount at 2017-07-08 17:47:06
invalid service:plancount at 2017-07-08 17:47:06
invalid service:plancount at 2017-07-10 07:26:00
invalid service:plancount at 2017-07-10 07:26:07
invalid service:plancount at 2017-07-10 10:20:57
invalid service:plancount at 2017-07-10 10:21:02
invalid service:plancount at 2017-07-10 10:21:35
invalid service:plancount at 2017-07-10 10:21:57